EXP 01 : DATASET SAMPLES AND TOTAL SIZE

=== ATTACK DATA SAMPLE ===
>>> _________________________device_name : sound-sensor
>>> __________________________device_mac : f0:08:d1:ce:cf:c8
>>> __________________________label_full : attack_dos_udp-frag-flood_sound-sensor
>>> ______________________________label1 : attack
>>> ______________________________label2 : dos
>>> ______________________________label3 : udp-frag-flood
>>> ______________________________label4 : dos_udp-frag-flood
>>> ___________________________timestamp : 2025-01-20T20:41:22.073000Z_2025-01-20T20:41:23.073000Z
>>> _____________________timestamp_start : 2025-01-20T20:41:22.073000Z
>>> _______________________timestamp_end : 2025-01-20T20:41:23.073000Z
>>> _________________log_data-ranges_avg : 160.0
>>> _________________log_data-ranges_max : 160.0
>>> _________________log_data-ranges_min : 160.0
>>> _______log_data-ranges_std_deviation : 0.0
>>> ______________________log_data-types : ['numeric']
>>> ________________log_data-types_count : 1
>>> _______________log_interval-messages : 0.0
>>> __________________log_messages_count : 1
>>> _________network_fragmentation-score : 10.68
>>> __________network_fragmented-packets : 6769
>>> ___________network_header-length_avg : 20.0
>>> ___________network_header-length_max : 20.0
>>> ___________network_header-length_min : 20.0
>>> _network_header-length_std_deviation : 0.0
>>> ____________network_interval-packets : 0.0852369587453119
>>> ________________network_ip-flags_avg : 0.5769689737470167
>>> ________________network_ip-flags_max : 1.0
>>> ________________network_ip-flags_min : 0.0
>>> ______network_ip-flags_std_deviation : 0.4940402585623271
>>> _______________network_ip-length_avg : 1012.5948687350837
>>> _______________network_ip-length_max : 1500.0
>>> _______________network_ip-length_min : 61.0
>>> _____network_ip-length_std_deviation : 569.2385756743148
>>> _____________________network_ips_all : ['192.168.1.15', '192.168.1.100', '192.168.1.193']
>>> _______________network_ips_all_count : 3
>>> _____________________network_ips_dst : ['192.168.1.15', '192.168.1.193', '192.168.1.100']
>>> _______________network_ips_dst_count : 3
>>> _____________________network_ips_src : ['192.168.1.100', '192.168.1.15']
>>> _______________network_ips_src_count : 2
>>> ____________________network_macs_all : ['f0:08:d1:ce:cf:c8', 'e4:5f:01:55:90:c1', 'dc:a6:32:dc:28:46']
>>> ______________network_macs_all_count : 3
>>> ____________________network_macs_dst : ['f0:08:d1:ce:cf:c8', 'dc:a6:32:dc:28:46', 'e4:5f:01:55:90:c1']
>>> ______________network_macs_dst_count : 2
>>> ____________________network_macs_src : ['e4:5f:01:55:90:c1', 'f0:08:d1:ce:cf:c8']
>>> ______________network_macs_src_count : 2
>>> _____________________network_mss_avg : 0.0
>>> _____________________network_mss_max : 0.0
>>> _____________________network_mss_min : 0.0
>>> ___________network_mss_std_deviation : 0.0
>>> _____________network_packet-size_avg : 1026.5124861501747
>>> _____________network_packet-size_max : 1514.0
>>> _____________network_packet-size_min : 60.0
>>> ___network_packet-size_std_deviation : 569.2842546892308
>>> ___________network_packets_all_count : 11733
>>> ___________network_packets_dst_count : 11729
>>> ___________network_packets_src_count : 4
>>> __________network_payload-length_avg : 1549.0261677463347
>>> __________network_payload-length_max : 1808.0
>>> __________network_payload-length_min : 21.0
>>> network_payload-length_std_deviation : 332.247575607882
>>> ___________________network_ports_all : ['37253', '11132', '35458', '33926', '40391', '47120', '58655', '49285', '10447', '35229', '20840', '59855', '24489', '62970', '38361', '48113', '8408', '38413', '15409', '39457', '52769', '48236', '47885', '34797', '36082', '60542', '43350', '6351', '50016', '6823', '47106', '2749', '34858', '56695', '58421', '21095', '38082', '39395', '7958', '19902', '35360', '26016', '50977', '39564', '57336', '54434', '38758', '57227', '48168', '41525', '32765', '10712', '28236', '35848', '7837', '46620', '56884', '12378', '54814', '7039', '34237', '2767', '54474', '44895', '45982', '4550', '7842', '36569', '52442', '42619', '47044', '53022', '10381', '50161', '24005', '53857', '36415', '41612', '38192', '54027', '9402', '49024', '58372', '53290', '38604', '59595', '62479', '42888', '43485', '36677', '49324', '24287', '53783', '8988', '59218', '38094', '57451', '57217', '8400', '55196', '47943', '14300', '46786', '64369', '36615', '33159', '27419', '37162', '56170', '43402', '58424', '2872', '54437', '48337', '40622', '47322', '58519', '11199', '52068', '38900', '54032', '57319', '55399', '62226', '37860', '5949', '40951', '35350', '47144', '4398', '52419', '40453', '47089', '44776', '11657', '51435', '398', '60395', '50118', '60528', '15113', '30234', '39021', '44611', '10492', '59027', '49887', '48301', '36784', '37877', '55713', '32834', '16348', '37489', '35827', '45852', '58500', '55009', '36732', '44587', '45391', '45137', '37397', '57371', '61890', '27316', '38439', '54231', '44890', '54498', '3422', '39035', '2351', '30220', '22603', '8910', '36876', '19050', '44465', '33571', '54680', '28191', '60471', '61577', '9640', '36560', '22156', '14754', '54625', '45910', '17454', '58580', '38357', '3944', '58592', '60205', '63722', '42818', '37226', '41039', '57868', '56786', '52194', '56796', '44971', '40365', '42537', '50164', '43031', '35876', '51286', '41044', '46282', '48218', '54923', '62791', '51451', '48889', '27942', '23599', '36071', '38247', '10922', '40762', '36497', '23724', '22872', '56205', '55358', '40255', '5872', '49065', '4309', '47534', '52212', '48858', '44254', '45109', '37722', '37707', '43378', '56636', '39631', '58154', '51527', '50200', '60483', '45062', '50451', '39611', '51796', '46590', '54607', '50012', '46340', '38955', '16352', '7280', '51709', '19826', '15224', '49221', '46193', '47269', '43212', '39198', '32566', '58713', '46956', '46957', '56301', '59819', '32300', '41473', '45834', '65078', '34909', '58301', '57456', '33016', '52346', '14504', '61050', '18072', '33238', '46778', '13873', '55644', '54313', '35840', '39742', '29955', '28861', '50328', '4072', '45174', '16617', '13592', '40711', '39722', '20099', '54952', '49747', '63697', '45366', '40588', '56491', '52926', '56297', '52931', '8069', '58245', '60330', '12062', '24280', '50783', '65125', '45991', '32444', '57513', '2795', '56422', '44405', '57522', '65397', '10640', '49086', '56459', '39039', '45932', '55141', '59502', '64091', '37063', '17477', '42417', '64433', '33131', '49947', '27937', '22000', '38816', '55734', '49936', '42058', '34436', '32014', '7865', '34439', '54429', '47979', '42032', '47721', '21594', '23775', '42267', '44446', '45535', '41179', '37916', '9850', '24601', '39083', '48105', '53949', '41700', '60249', '52861', '60003', '18944', '45055', '37660', '25454', '38517', '44192', '9426', '51563', '52897', '10179', '53769', '48757', '38712', '56377', '37046', '41540', '7291', '58327', '49023', '33922', '44804', '61510', '27234', '40660', '3959', '27694', '38794', '3992', '53931', '46965', '58719', '22767', '42595', '16083', '52181', '2442', '35819', '54141', '38071', '43892', '58998', '43405', '54177', '14084', '55601', '46555', '46781', '18083', '12788', '44584', '52132', '5594', '44573', '53234', '58940', '35393', '56093', '117', '18816', '8661', '37324', '49542', '50322', '39987', '37311', '60130', '47110', '53846', '46498', '45386', '27700', '53880', '36668', '40905', '34479', '36896', '37505', '38268', '43854', '59523', '91', '49399', '57359', '55181', '42745', '38007', '50734', '59795', '58223', '1883', '47188', '41634', '43808', '50751', '46079', '43802', '42940', '36266', '60571', '50539', '34075', '40515', '17284', '58839', '42230', '59945', '30489', '43533', '41112', '56456', '37084', '43521', '44853', '3694', '58888', '15286', '40247', '43758', '33957', '2384', '46448', '47773', '14616', '34223', '60079', '11586', '3253', '46439', '20276', '27900', '34441', '43393', '43375', '52014', '52013', '43370', '37933', '42277', '45542', '41183', '32221', '64021', '45526', '56888', '7680', '36114', '49657', '64618', '498', '45053', '51307', '38990', '57095', '51797', '14569', '51320', '45032', '33031', '34124', '45010', '60064', '59406', '58314', '59410', '57476', '57240', '51705', '30631', '40420', '50875', '39661', '20820', '47041', '47282', '49698', '3735', '57297', '41724', '52842', '22515', '20571', '55682', '35812', '31453', '1596', '43664', '42577', '2463', '40384', '59600', '39384', '65291', '39374', '32982', '37617', '54515', '4688', '9910', '19167', '50171', '36983', '544', '55632', '33462', '41074', '13849', '54317', '54558', '51299', '35869', '24727', '54106', '35606', '35152', '51881', '12280', '38654', '50564', '53832', '12289', '37551', '36229', '52998', '13353', '46254', '34262', '34268', '51440', '16834', '39708', '51699', '7147', '34242', '56917', '49962', '42760', '61837', '59524', '60750', '33807', '28435', '9361', '59786', '47197', '39339', '46092', '60301', '28201', '38222', '9142', '50513', '36032', '29992', '50763', '37595', '59587', '16663', '63612', '42929', '46298', '42487', '44667', '46848', '56899', '57742', '57509', '65138', '44872', '33981', '33989', '58629', '1009', '39276', '56451', '37094', '55368', '39494', '41334', '15045', '58651', '54293', '45920', '56482', '54066', '60985', '28362', '46688', '33130', '23567', '44001', '33591', '15925', '35775', '52483', '35521', '52488', '52009', '12423', '45556', '24614', '57948', '6561', '50086', '34894', '43354', '53376', '6112', '8532', '62659', '13494', '61333', '40610', '59492', '40602', '15405', '45287', '35007', '39604', '48309', '33284', '59293', '62230', '24550', '51589', '43075', '45009', '37628', '12109', '25651', '38710', '28338', '43734', '43735', '58326', '49022', '18511', '40443', '41773', '41772', '60409', '51950', '31722', '47059', '58129', '27669', '60697', '2883', '40630', '42813', '3747', '43452', '18255', '46729', '16073', '31476', '34982', '40181', '38099', '54122', '55216', '23825', '33871', '59827', '21419', '54385', '55232', '10765', '43412', '55484', '58993', '57673', '34928', '65063', '38274', '61705', '48505', '46564', '33258', '19198', '62386', '46318', '36755', '47870', '56955', '51282', '34541', '11424', '64123', '43007', '44338', '8616', '35851', '41285', '57850', '54910', '52973', '45188', '35389', '52989', '48686', '28833', '34048', '60134', '52514', '53849', '63890', '59390', '51672', '60381', '46007', '45145', '35100', '40933', '50128', '6056', '23344', '7156', '48873', '34239', '52569', '53897', '44031', '36898', '40103', '29783', '31608', '24076', '40795', '41889', '38236', '52923', '64911', '12081', '42938', '50544']
>>> _____________network_ports_all_count : 804
>>> ___________________network_ports_dst : ['11132', '47120', '33926', '10447', '24489', '20840', '62970', '8408', '38413', '15409', '39457', '36082', '60542', '6823', '6351', '2749', '39395', '58421', '7958', '19902', '21095', '26016', '32765', '10712', '28236', '38758', '41525', '7837', '12378', '7039', '2767', '53022', '44895', '4550', '7842', '10381', '24005', '36415', '41612', '53290', '54027', '9402', '59595', '36677', '62479', '24287', '38094', '57451', '8988', '8400', '64369', '14300', '36615', '27419', '56170', '2872', '48337', '40622', '11199', '38900', '5949', '40951', '62226', '37860', '47144', '4398', '11657', '398', '50118', '40453', '15113', '30234', '55009', '10492', '36732', '48301', '45137', '37877', '32834', '16348', '61890', '27316', '38439', '3422', '39035', '2351', '30220', '22603', '44971', '8910', '19050', '44465', '33571', '35876', '28191', '46282', '61577', '62791', '9640', '22156', '27942', '14754', '23599', '54625', '45910', '17454', '58580', '10922', '3944', '63722', '42818', '37226', '23724', '22872', '32566', '46956', '59819', '32300', '45834', '5872', '49065', '4309', '65078', '34909', '47534', '33016', '52346', '14504', '61050', '18072', '37707', '13873', '43378', '35840', '39631', '29955', '28861', '4072', '50451', '45174', '16617', '13592', '20099', '63697', '45366', '16352', '7280', '40588', '56491', '51709', '19826', '15224', '8069', '60330', '12062', '47269', '24280', '46965', '45991', '32444', '58719', '22767', '16083', '2795', '44405', '2442', '35819', '65397', '10640', '43892', '39039', '44611', '43405', '45932', '64091', '17477', '14084', '42417', '64433', '33131', '27937', '46555', '22000', '38816', '49936', '46781', '18083', '34436', '32014', '7865', '12788', '52132', '5594', '21594', '23775', '53234', '42267', '44446', '37916', '9850', '24601', '58940', '35393', '117', '18816', '8661', '41700', '50322', '18944', '45055', '25454', '9426', '10179', '45386', '27700', '48757', '40905', '56377', '59523', '91', '37046', '7291', '38007', '61510', '59795', '27234', '1883', '40660', '3959', '43808', '43802', '27694', '42940', '50539', '3992', '34075', '22515', '17284', '20571', '55682', '31453', '1596', '30489', '43664', '2463', '40384', '44853', '3694', '58888', '65291', '39374', '15286', '32982', '2384', '14616', '11586', '4688', '9910', '3253', '20276', '19167', '27900', '34441', '43393', '544', '55632', '13849', '52014', '54317', '43370', '42277', '35869', '32221', '64021', '24727', '45526', '7680', '51881', '12280', '38654', '12289', '49657', '64618', '498', '38990', '13353', '14569', '34268', '16834', '7147', '33031', '34124', '56917', '61837', '57476', '28435', '9361', '59786', '30631', '28201', '40420', '9142', '50875', '39661', '20820', '29992', '47041', '47282', '59587', '3735', '16663', '63612', '57297', '41724', '44667', '18255', '16073', '46848', '31476', '34982', '57509', '38099', '65138', '55216', '23825', '59827', '21419', '33981', '10765', '1009', '37094', '55368', '57673', '15045', '65063', '45920', '61705', '28362', '46688', '23567', '19198', '62386', '36755', '44001', '33591', '15925', '35775', '47870', '52009', '12423', '24614', '11424', '6561', '64123', '8616', '57850', '6112', '8532', '62659', '52973', '45188', '13494', '61333', '59492', '35389', '52989', '48686', '28833', '40602', '53849', '15405', '63890', '59390', '45287', '46007', '48309', '59293', '40933', '6056', '62230', '23344', '24550', '7156', '12109', '25651', '52569', '28338', '43735', '29783', '18511', '31608', '60409', '24076', '41889', '51950', '31722', '64911', '12081', '58129', '27669', '2883', '42813', '3747']
>>> _____________network_ports_dst_count : 403
>>> ___________________network_ports_src : ['37253', '40391', '35458', '59855', '58655', '49285', '35229', '38361', '48113', '52769', '48236', '47885', '34797', '43350', '47106', '50016', '34858', '38082', '56695', '35360', '50977', '39564', '57336', '54434', '35848', '57227', '48168', '46620', '56884', '54814', '34237', '54474', '45982', '50161', '53857', '36569', '52442', '42619', '47044', '38192', '38604', '49024', '58372', '43485', '42888', '49324', '57217', '53783', '55196', '59218', '46786', '47943', '33159', '37162', '43402', '58424', '54437', '47322', '58519', '52068', '54032', '57319', '55399', '35350', '44776', '51435', '60395', '52419', '47089', '60528', '35827', '45852', '58500', '39021', '44587', '59027', '49887', '45391', '36784', '55713', '37397', '57371', '37489', '41039', '54231', '57868', '56786', '44890', '52194', '54498', '56796', '40365', '42537', '50164', '36876', '43031', '51286', '54680', '41044', '60471', '48218', '54923', '36560', '51451', '48889', '36071', '38247', '38357', '58592', '60205', '40762', '36497', '43212', '39198', '58713', '46957', '56301', '56205', '55358', '41473', '40255', '58301', '57456', '52212', '48858', '44254', '45109', '37722', '33238', '46778', '55644', '54313', '56636', '58154', '51527', '39742', '50200', '60483', '45062', '50328', '39611', '40711', '39722', '51796', '54952', '49747', '46590', '54607', '50012', '46340', '38955', '52926', '56297', '52931', '58245', '49221', '46193', '50783', '65125', '42595', '52181', '57513', '56422', '57522', '54141', '38071', '49086', '58998', '56459', '44611', '55141', '54177', '59502', '37063', '55601', '49947', '55734', '42058', '34439', '54429', '44584', '47979', '44573', '42032', '47721', '45535', '41179', '39083', '48105', '56093', '53949', '60249', '52861', '60003', '37324', '49542', '39987', '37311', '60130', '47110', '53846', '37660', '46498', '38517', '44192', '51563', '52897', '53880', '36668', '53769', '34479', '36896', '38712', '37505', '38268', '43854', '49399', '41540', '58327', '57359', '49023', '33922', '44804', '55181', '42745', '50734', '58223', '47188', '41634', '50751', '46079', '36266', '60571', '38794', '40515', '53931', '58839', '42230', '35812', '59945', '42577', '43533', '41112', '56456', '59600', '37084', '39384', '43521', '40247', '43758', '33957', '46448', '47773', '37617', '34223', '60079', '54515', '46439', '50171', '36983', '33462', '41074', '43375', '52013', '54558', '37933', '45542', '51299', '41183', '56888', '54106', '35606', '35152', '36114', '50564', '53832', '37551', '36229', '45053', '52998', '51307', '57095', '51797', '46254', '34262', '51320', '51440', '45032', '39708', '51699', '34242', '45010', '49962', '60064', '42760', '59406', '59524', '58314', '60750', '59410', '33807', '57240', '47197', '39339', '51705', '46092', '60301', '38222', '50513', '36032', '50763', '37595', '49698', '42929', '46298', '52842', '42487', '43452', '46729', '56899', '57742', '40181', '54122', '33871', '44872', '54385', '55232', '33989', '58629', '39276', '43412', '56451', '55484', '58993', '39494', '41334', '58651', '54293', '34928', '38274', '56482', '54066', '60985', '48505', '46564', '33130', '33258', '46318', '56955', '52483', '35521', '52488', '45556', '51282', '34541', '57948', '43007', '44338', '50086', '34894', '43354', '35851', '41285', '53376', '54910', '40610', '34048', '60134', '52514', '35007', '51672', '39604', '60381', '45145', '35100', '33284', '50128', '51589', '43075', '48873', '45009', '37628', '34239', '38710', '53897', '44031', '36898', '40103', '43734', '58326', '49022', '40443', '41773', '41772', '40795', '38236', '52923', '47059', '42938', '60697', '40630', '50544']
>>> _____________network_ports_src_count : 402
>>> _______________network_protocols_all : ['tcp', 'data', 'mqtt', 'arp']
>>> _________network_protocols_all_count : 4
>>> _______________network_protocols_dst : ['data']
>>> _________network_protocols_dst_count : 1
>>> _______________network_protocols_src : ['tcp', 'mqtt', 'arp']
>>> _________network_protocols_src_count : 3
>>> _________network_tcp-flags-ack_count : 3
>>> _________network_tcp-flags-fin_count : 0
>>> _________network_tcp-flags-psh_count : 3
>>> _________network_tcp-flags-rst_count : 0
>>> _________network_tcp-flags-syn_count : 0
>>> _________network_tcp-flags-urg_count : 0
>>> _______________network_tcp-flags_avg : 24.0
>>> _______________network_tcp-flags_max : 24.0
>>> _______________network_tcp-flags_min : 24.0
>>> _____network_tcp-flags_std_deviation : 0.0
>>> ______________network_time-delta_avg : 8.400889380380125e-05
>>> ______________network_time-delta_max : 0.000610053
>>> ______________network_time-delta_min : 2.7e-08
>>> ____network_time-delta_std_deviation : 0.0001642173710829
>>> _____________________network_ttl_avg : 64.04884077736106
>>> _____________________network_ttl_max : 255.0
>>> _____________________network_ttl_min : 64.0
>>> ___________network_ttl_std_deviation : 3.053883274526057
>>> _____________network_window-size_avg : 5700.0
>>> _____________network_window-size_max : 5700.0
>>> _____________network_window-size_min : 5700.0
>>> ___network_window-size_std_deviation : 0.0

SIZE: 90391


=== BENIGN DATA SAMPLE ===
>>> _________________________device_name : steam-sensor
>>> __________________________device_mac : 08:b6:1f:81:d2:cc
>>> __________________________label_full : benign_whole-network3
>>> ______________________________label1 : benign
>>> ______________________________label2 : benign
>>> ______________________________label3 : benign
>>> ______________________________label4 : benign
>>> ___________________________timestamp : 2025-09-09T14:29:40.400000Z_2025-09-09T14:29:41.400000Z
>>> _____________________timestamp_start : 2025-09-09T14:29:40.400000Z
>>> _______________________timestamp_end : 2025-09-09T14:29:41.400000Z
>>> _________________log_data-ranges_avg : 0.0
>>> _________________log_data-ranges_max : 0.0
>>> _________________log_data-ranges_min : 0.0
>>> _______log_data-ranges_std_deviation : 0.0
>>> ______________________log_data-types : ['numeric']
>>> ________________log_data-types_count : 1
>>> _______________log_interval-messages : 0.0
>>> __________________log_messages_count : 1
>>> _________network_fragmentation-score : 0.0
>>> __________network_fragmented-packets : 0
>>> ___________network_header-length_avg : 20.0
>>> ___________network_header-length_max : 20.0
>>> ___________network_header-length_min : 20.0
>>> _network_header-length_std_deviation : 0.0
>>> ____________network_interval-packets : 0.0
>>> ________________network_ip-flags_avg : 1.0
>>> ________________network_ip-flags_max : 2.0
>>> ________________network_ip-flags_min : 0.0
>>> ______network_ip-flags_std_deviation : 1.0
>>> _______________network_ip-length_avg : 47.5
>>> _______________network_ip-length_max : 55.0
>>> _______________network_ip-length_min : 40.0
>>> _____network_ip-length_std_deviation : 7.5
>>> _____________________network_ips_all : ['192.168.1.193', '192.168.1.13']
>>> _______________network_ips_all_count : 2
>>> _____________________network_ips_dst : ['192.168.1.193', '192.168.1.13']
>>> _______________network_ips_dst_count : 2
>>> _____________________network_ips_src : ['192.168.1.193', '192.168.1.13']
>>> _______________network_ips_src_count : 2
>>> ____________________network_macs_all : ['dc:a6:32:dc:28:46', '08:b6:1f:81:d2:cc']
>>> ______________network_macs_all_count : 2
>>> ____________________network_macs_dst : ['08:b6:1f:81:d2:cc', 'dc:a6:32:dc:28:46']
>>> ______________network_macs_dst_count : 2
>>> ____________________network_macs_src : ['dc:a6:32:dc:28:46', '08:b6:1f:81:d2:cc']
>>> ______________network_macs_src_count : 2
>>> _____________________network_mss_avg : 0.0
>>> _____________________network_mss_max : 0.0
>>> _____________________network_mss_min : 0.0
>>> ___________network_mss_std_deviation : 0.0
>>> _____________network_packet-size_avg : 61.5
>>> _____________network_packet-size_max : 69.0
>>> _____________network_packet-size_min : 54.0
>>> ___network_packet-size_std_deviation : 7.5
>>> ___________network_packets_all_count : 2
>>> ___________network_packets_dst_count : 1
>>> ___________network_packets_src_count : 1
>>> __________network_payload-length_avg : 7.5
>>> __________network_payload-length_max : 15.0
>>> __________network_payload-length_min : 0.0
>>> network_payload-length_std_deviation : 7.5
>>> ___________________network_ports_all : ['1883', '59453']
>>> _____________network_ports_all_count : 2
>>> ___________________network_ports_dst : ['1883', '59453']
>>> _____________network_ports_dst_count : 2
>>> ___________________network_ports_src : ['1883', '59453']
>>> _____________network_ports_src_count : 2
>>> _______________network_protocols_all : ['tcp', 'mqtt']
>>> _________network_protocols_all_count : 2
>>> _______________network_protocols_dst : ['tcp']
>>> _________network_protocols_dst_count : 1
>>> _______________network_protocols_src : ['mqtt']
>>> _________network_protocols_src_count : 1
>>> _________network_tcp-flags-ack_count : 2
>>> _________network_tcp-flags-fin_count : 0
>>> _________network_tcp-flags-psh_count : 1
>>> _________network_tcp-flags-rst_count : 0
>>> _________network_tcp-flags-syn_count : 0
>>> _________network_tcp-flags-urg_count : 0
>>> _______________network_tcp-flags_avg : 20.0
>>> _______________network_tcp-flags_max : 24.0
>>> _______________network_tcp-flags_min : 16.0
>>> _____network_tcp-flags_std_deviation : 4.0
>>> ______________network_time-delta_avg : 0.0136625
>>> ______________network_time-delta_max : 0.027325
>>> ______________network_time-delta_min : 0.0
>>> ____network_time-delta_std_deviation : 0.0136625
>>> _____________________network_ttl_avg : 159.5
>>> _____________________network_ttl_max : 255.0
>>> _____________________network_ttl_min : 64.0
>>> ___________network_ttl_std_deviation : 95.5
>>> _____________network_window-size_avg : 34837.0
>>> _____________network_window-size_max : 64062.0
>>> _____________network_window-size_min : 5612.0
>>> ___network_window-size_std_deviation : 29225.0

SIZE: 136800
